command=npm run test:coding-adapter
started_utc=2026-08-13T16:20:38Z

> orbitfactory@0.1.0 test:coding-adapter
> npm --prefix coding-adapter test


> orbitflow-coding-adapter@0.1.0 test
> node --test

TAP version 13
# Subtest: spawn-boundary rename and symlink replacement starts no CLI and hands off no key
ok 1 - spawn-boundary rename and symlink replacement starts no CLI and hands off no key
  ---
  duration_ms: 122.978708
  type: 'test'
  ...
# Subtest: one aggregate diff cap covers tracked output plus every untracked file
ok 2 - one aggregate diff cap covers tracked output plus every untracked file
  ---
  duration_ms: 991.206709
  type: 'test'
  ...
# Subtest: delegate_coding_task builds a pure command with a minimal environment
ok 3 - delegate_coding_task builds a pure command with a minimal environment
  ---
  duration_ms: 438.972875
  type: 'test'
  ...
# Subtest: delegate_coding_task cleans isolated OpenCode state
ok 4 - delegate_coding_task cleans isolated OpenCode state
  ---
  duration_ms: 383.766
  type: 'test'
  ...
# Subtest: missing credential short-circuits before spawning the credential-free boundary
ok 5 - missing credential short-circuits before spawning the credential-free boundary
  ---
  duration_ms: 0.191667
  type: 'test'
  ...
# Subtest: public error responses are bound to the complete authoritative code schema
ok 6 - public error responses are bound to the complete authoritative code schema
  ---
  duration_ms: 0.281875
  type: 'test'
  ...
# Subtest: the runbook public error table matches the authoritative runtime schema
ok 7 - the runbook public error table matches the authoritative runtime schema
  ---
  duration_ms: 0.812334
  type: 'test'
  ...
# Subtest: nonzero exit code maps to CliFailureError and cleans state
ok 8 - nonzero exit code maps to CliFailureError and cleans state
  ---
  duration_ms: 292.094959
  type: 'test'
  ...
# Subtest: malformed JSON line maps to MalformedOutputError
ok 9 - malformed JSON line maps to MalformedOutputError
  ---
  duration_ms: 282.318333
  type: 'test'
  ...
# Subtest: empty stdout maps to MalformedOutputError
ok 10 - empty stdout maps to MalformedOutputError
  ---
  duration_ms: 251.354791
  type: 'test'
  ...
# Subtest: unexpected JSON shape maps to MalformedOutputError
ok 11 - unexpected JSON shape maps to MalformedOutputError
  ---
  duration_ms: 207.7195
  type: 'test'
  ...
# Subtest: missing terminal step maps to MalformedOutputError
ok 12 - missing terminal step maps to MalformedOutputError
  ---
  duration_ms: 285.167209
  type: 'test'
  ...
# Subtest: oversized protocol line maps to MalformedOutputError
ok 13 - oversized protocol line maps to MalformedOutputError
  ---
  duration_ms: 209.681292
  type: 'test'
  ...
# Subtest: OpenCode launch failure maps to CliFailureError
ok 14 - OpenCode launch failure maps to CliFailureError
  ---
  duration_ms: 155.20525
  type: 'test'
  ...
# Subtest: OpenCode child error event maps to CliFailureError
ok 15 - OpenCode child error event maps to CliFailureError
  ---
  duration_ms: 167.673042
  type: 'test'
  ...
# Subtest: error event with exit zero maps to CliFailureError
ok 16 - error event with exit zero maps to CliFailureError
  ---
  duration_ms: 250.408958
  type: 'test'
  ...
# Subtest: invalid fractional usage maps to MalformedOutputError before persistence
ok 17 - invalid fractional usage maps to MalformedOutputError before persistence
  ---
  duration_ms: 231.795291
  type: 'test'
  ...
# Subtest: invalid unsafe usage maps to MalformedOutputError before persistence
ok 18 - invalid unsafe usage maps to MalformedOutputError before persistence
  ---
  duration_ms: 233.78975
  type: 'test'
  ...
# Subtest: invalid negative usage maps to MalformedOutputError before persistence
ok 19 - invalid negative usage maps to MalformedOutputError before persistence
  ---
  duration_ms: 232.876291
  type: 'test'
  ...
# Subtest: invalid nonfinite usage maps to MalformedOutputError before persistence
ok 20 - invalid nonfinite usage maps to MalformedOutputError before persistence
  ---
  duration_ms: 180.065041
  type: 'test'
  ...
# Subtest: invalid overflow-sum usage maps to MalformedOutputError before persistence
ok 21 - invalid overflow-sum usage maps to MalformedOutputError before persistence
  ---
  duration_ms: 233.699916
  type: 'test'
  ...
# Subtest: invalid cost-range usage maps to MalformedOutputError before persistence
ok 22 - invalid cost-range usage maps to MalformedOutputError before persistence
  ---
  duration_ms: 231.016792
  type: 'test'
  ...
# Subtest: invalid cost-sum usage maps to MalformedOutputError before persistence
ok 23 - invalid cost-sum usage maps to MalformedOutputError before persistence
  ---
  duration_ms: 239.025
  type: 'test'
  ...
# Subtest: literal credential in CLI output fails without exposing it
ok 24 - literal credential in CLI output fails without exposing it
  ---
  duration_ms: 185.559166
  type: 'test'
  ...
# Subtest: encoded credential in CLI output fails without exposing it
ok 25 - encoded credential in CLI output fails without exposing it
  ---
  duration_ms: 181.206958
  type: 'test'
  ...
# Subtest: credential in workspace content fails and removes the owned workspace
ok 26 - credential in workspace content fails and removes the owned workspace
  ---
  duration_ms: 111.698917
  type: 'test'
  ...
# Subtest: credential in binary workspace content is detected before diff encoding
ok 27 - credential in binary workspace content is detected before diff encoding
  ---
  duration_ms: 120.809417
  type: 'test'
  ...
# Subtest: encoded credentials in ignored and Git state remove the owned workspace
ok 28 - encoded credentials in ignored and Git state remove the owned workspace
  ---
  duration_ms: 240.481666
  type: 'test'
  ...
# Subtest: encoded credential in deleted committed content is detected
ok 29 - encoded credential in deleted committed content is detected
  ---
  duration_ms: 262.429209
  type: 'test'
  ...
# Subtest: caller-owned workspace is rejected without boundary launch or deletion
ok 30 - caller-owned workspace is rejected without boundary launch or deletion
  ---
  duration_ms: 13.92225
  type: 'test'
  ...
# Subtest: test/fakeChild.js
ok 4 - test/fakeChild.js
  ---
  duration_ms: 37.060834
  type: 'test'
  ...
# Subtest: diff ignores repository external helpers and fsmonitor
ok 32 - diff ignores repository external helpers and fsmonitor
  ---
  duration_ms: 809.322958
  type: 'test'
  ...
# Subtest: workspace creation ignores host Git config and hooks
ok 33 - workspace creation ignores host Git config and hooks
  ---
  duration_ms: 55.55
  type: 'test'
  ...
# Subtest: usage parsing is complete while the returned log stays bounded
ok 34 - usage parsing is complete while the returned log stays bounded
  ---
  duration_ms: 420.194584
  type: 'test'
  ...
# Subtest: omitted usage stays unknown while explicit zero stays zero
ok 35 - omitted usage stays unknown while explicit zero stays zero
  ---
  duration_ms: 371.327041
  type: 'test'
  ...
# Subtest: test/protocolFixture.js
ok 7 - test/protocolFixture.js
  ---
  duration_ms: 31.518875
  type: 'test'
  ...
# Subtest: workspace cleanup refuses a substituted temporary root
ok 37 - workspace cleanup refuses a substituted temporary root
  ---
  duration_ms: 75.906667
  type: 'test'
  ...
# Subtest: OpenCode state cleanup refuses a substituted temporary root
ok 38 - OpenCode state cleanup refuses a substituted temporary root
  ---
  duration_ms: 442.373625
  type: 'test'
  ...
# Subtest: workspace setup failures clean only the verified temporary root
ok 39 - workspace setup failures clean only the verified temporary root
  ---
  duration_ms: 10.452958
  type: 'test'
  ...
# Subtest: test/testAdapter.js
ok 9 - test/testAdapter.js
  ---
  duration_ms: 33.4385
  type: 'test'
  ...
# Subtest: timeout kills complete CLI process groups after bounded child-start handshakes
ok 41 - timeout kills complete CLI process groups after bounded child-start handshakes
  ---
  duration_ms: 1973.435833
  type: 'test'
  ...
# Subtest: process-group inspection distinguishes absence from uninspectable liveness
ok 42 - process-group inspection distinguishes absence from uninspectable liveness
  ---
  duration_ms: 0.454917
  type: 'test'
  ...
1..42
# tests 42
# suites 0
# pass 42
# fail 0
# cancelled 0
# skipped 0
# todo 0
# duration_ms 4855.573375
exit_code=0
finished_utc=2026-08-13T16:20:43Z
