command=npm run fact11:proof
started_utc=2026-08-13T16:24:37Z

> orbitfactory@0.1.0 fact11:proof
> bash scripts/fact-11-runtime-adapter-proof.sh

Exact OpenClaw version present: 2026.4.15
Provider execution: disabled; deterministic fake request path selected
Config overwrite: /tmp/orbitflow-fact11-openclaw-cli.kTqtPP/state/openclaw.json (sha256 0e6292d49c8e7c2c5b554d20c1fda54e7a0fcfa3d6f66ba5d6f918821a1e6635 -> 8530757281b9f5a1f36cabc388d5e5e6df2160be17c6f9aeebb87edec4c39946, backup=/tmp/orbitflow-fact11-openclaw-cli.kTqtPP/state/openclaw.json.bak)
Config overwrite: /tmp/orbitflow-fact11-openclaw-cli.kTqtPP/state/openclaw.json (sha256 8530757281b9f5a1f36cabc388d5e5e6df2160be17c6f9aeebb87edec4c39946 -> 80c6ded10b1da70f5c2cf6082f824018bc058b7e84a9240f602dd7c2f0aff6d4, backup=/tmp/orbitflow-fact11-openclaw-cli.kTqtPP/state/openclaw.json.bak)
Exact-version offline agent create and edit path: passed

> orbitfactory@0.1.0 test:runtime-adapter
> node --experimental-strip-types --test test/postgres/openclaw-runtime-adapter.test.mjs

TAP version 13
# Subtest: FACT-11 OpenClaw RuntimeAdapter
    # Subtest: sets up only the inherited PostgreSQL schema
    ok 1 - sets up only the inherited PostgreSQL schema
      ---
      duration_ms: 8.028666
      type: 'test'
      ...
    # Subtest: creates a live agent and applies row edits on resync
    ok 2 - creates a live agent and applies row edits on resync
      ---
      duration_ms: 336.6325
      type: 'test'
      ...
    # Subtest: rejects arbitrary child environment passthrough
    ok 3 - rejects arbitrary child environment passthrough
      ---
      duration_ms: 0.254917
      type: 'test'
      ...
    # Subtest: composes delivery context, round-trips memory, and attributes usage
    ok 4 - composes delivery context, round-trips memory, and attributes usage
      ---
      duration_ms: 351.128625
      type: 'test'
      ...
    # Subtest: reconstructs complete-stream usage from OpenClaw's final-call total
    ok 5 - reconstructs complete-stream usage from OpenClaw's final-call total
      ---
      duration_ms: 150.889125
      type: 'test'
      ...
    # Subtest: lists blocked actions in the wake prompt when configured, omits when empty
    ok 6 - lists blocked actions in the wake prompt when configured, omits when empty
      ---
      duration_ms: 159.419
      type: 'test'
      ...
    # Subtest: retries malformed structured output exactly once
    ok 7 - retries malformed structured output exactly once
      ---
      duration_ms: 188.033083
      type: 'test'
      ...
    # Subtest: accepts only the pinned gateway envelope and rejects false success
    ok 8 - accepts only the pinned gateway envelope and rejects false success
      ---
      duration_ms: 1292.267833
      type: 'test'
      ...
    # Subtest: rejects replayInvalid true without payload and does not retry
    ok 9 - rejects replayInvalid true without payload and does not retry
      ---
      duration_ms: 128.976709
      type: 'test'
      ...
    # Subtest: retries no-payload turn when replayInvalid is absent
    ok 10 - retries no-payload turn when replayInvalid is absent
      ---
      duration_ms: 191.8515
      type: 'test'
      ...
    # Subtest: replays one durable invocation without executing or charging twice
    ok 11 - replays one durable invocation without executing or charging twice
      ---
      duration_ms: 173.49675
      type: 'test'
      ...
    # Subtest: rejects output whose session identity does not match the requested session
    ok 12 - rejects output whose session identity does not match the requested session
      ---
      duration_ms: 163.782834
      type: 'test'
      ...
    # Subtest: inserts one durable FACT-9 system error after two malformed outputs
    ok 13 - inserts one durable FACT-9 system error after two malformed outputs
      ---
      duration_ms: 158.545584
      type: 'test'
      ...
    # Subtest: times out, kills the process group, and inserts a durable system error
    ok 14 - times out, kills the process group, and inserts a durable system error
      ---
      duration_ms: 713.513041
      type: 'test'
      ...
    # Subtest: explicit termination kills the active session and surfaces a durable error
    ok 15 - explicit termination kills the active session and surfaces a durable error
      ---
      duration_ms: 271.284
      type: 'test'
      ...
    # Subtest: serializes concurrent wakes for the same canonical agent ref
    ok 16 - serializes concurrent wakes for the same canonical agent ref
      ---
      duration_ms: 1189.618416
      type: 'test'
      ...
    # Subtest: keeps wakes for different agent refs concurrent
    ok 17 - keeps wakes for different agent refs concurrent
      ---
      duration_ms: 478.39175
      type: 'test'
      ...
    # Subtest: releases the agent session lock on the timeout path
    ok 18 - releases the agent session lock on the timeout path
      ---
      duration_ms: 447.031625
      type: 'test'
      ...
    # Subtest: fails closed with a typed durable error at the acquisition deadline
    ok 19 - fails closed with a typed durable error at the acquisition deadline
      ---
      duration_ms: 1698.461042
      type: 'test'
      ...
    # Subtest: bounds pool checkout by the wake deadline with a typed durable error
    ok 20 - bounds pool checkout by the wake deadline with a typed durable error
      ---
      duration_ms: 333.961334
      type: 'test'
      ...
    # Subtest: spends only the remaining deadline budget on the OpenClaw command
    ok 21 - spends only the remaining deadline budget on the OpenClaw command
      ---
      duration_ms: 4207.871875
      type: 'test'
      ...
    # Subtest: refuses to launch the OpenClaw command once the deadline is exhausted
    ok 22 - refuses to launch the OpenClaw command once the deadline is exhausted
      ---
      duration_ms: 66.280709
      type: 'test'
      ...
    # Subtest: maps a deadline-exhausted version check to openclaw_timeout and resets its cache
    ok 23 - maps a deadline-exhausted version check to openclaw_timeout and resets its cache
      ---
      duration_ms: 232.49275
      type: 'test'
      ...
    1..23
ok 1 - FACT-11 OpenClaw RuntimeAdapter
  ---
  duration_ms: 13115.179375
  type: 'test'
  ...
1..1
# tests 24
# suites 0
# pass 24
# fail 0
# cancelled 0
# skipped 0
# todo 0
# duration_ms 13204.589875
orbitfactory-fact11-postgres-proof
exit_code=0
finished_utc=2026-08-13T16:25:07Z
