command=npm run fact9:proof
started_utc=2026-08-13T16:24:24Z

> orbitfactory@0.1.0 fact9:proof
> bash scripts/fact-9-message-bus-proof.sh


> orbitfactory@0.1.0 test:message-bus
> node --experimental-strip-types --test test/postgres/message-bus.test.mjs

TAP version 13
# Subtest: FACT-9 durable PostgreSQL message bus
    # Subtest: validates the sole producer path and joins a caller transaction
    ok 1 - validates the sole producer path and joins a caller transaction
      ---
      duration_ms: 23.059
      type: 'test'
      ...
    # Subtest: lets two engine connections race one message but commit one route
    ok 2 - lets two engine connections race one message but commit one route
      ---
      duration_ms: 98.714875
      type: 'test'
      ...
    # Subtest: releases a stale run lock before inspecting another ready run
    ok 3 - releases a stale run lock before inspecting another ready run
      ---
      duration_ms: 43.606792
      type: 'test'
      ...
    # Subtest: routes multiple runs concurrently while preserving each run order
    ok 4 - routes multiple runs concurrently while preserving each run order
      ---
      duration_ms: 99.384334
      type: 'test'
      ...
    # Subtest: fairly covers active runs beyond one bounded candidate window
    ok 5 - fairly covers active runs beyond one bounded candidate window
      ---
      duration_ms: 397.954167
      type: 'test'
      ...
    # Subtest: rolls back handler failure, retries after restart, and stays done
    ok 6 - rolls back handler failure, retries after restart, and stays done
      ---
      duration_ms: 29.391916
      type: 'test'
      ...
    # Subtest: replays after a database connection dies before acknowledgement
    ok 7 - replays after a database connection dies before acknowledgement
      ---
      duration_ms: 22.360834
      type: 'test'
      ...
    # Subtest: does not skip an earlier producer or a later blocked commit
    ok 8 - does not skip an earlier producer or a later blocked commit
      ---
      duration_ms: 27.1255
      type: 'test'
      ...
    # Subtest: observes handler failure, retries, and stops cleanly
    ok 9 - observes handler failure, retries, and stops cleanly
      ---
      duration_ms: 25.191375
      type: 'test'
      ...
    # Subtest: cancels an exhausted-pool checkout before BEGIN or handler
    ok 10 - cancels an exhausted-pool checkout before BEGIN or handler
      ---
      duration_ms: 43.662666
      type: 'test'
      ...
    # Subtest: cancels idle polling and waits for an in-flight transaction
    ok 11 - cancels idle polling and waits for an in-flight transaction
      ---
      duration_ms: 49.512459
      type: 'test'
      ...
    # Subtest: bounds ready discovery independently of idle cursors and backlog
    ok 12 - bounds ready discovery independently of idle cursors and backlog
      ---
      duration_ms: 5205.219
      type: 'test'
      ...
    1..12
ok 1 - FACT-9 durable PostgreSQL message bus
  ---
  duration_ms: 6287.087333
  type: 'test'
  ...
1..1
# tests 13
# suites 0
# pass 13
# fail 0
# cancelled 0
# skipped 0
# todo 0
# duration_ms 6386.564541
orbitfactory-fact9-postgres-proof
exit_code=0
finished_utc=2026-08-13T16:24:34Z
