command=npm run fact18:proof
started_utc=2026-08-13T16:25:22Z

> orbitfactory@0.1.0 fact18:proof
> bash scripts/fact-18-state-stream-proof.sh


> orbitfactory@0.1.0 test:state-stream
> node --experimental-strip-types --test test/postgres/state-stream.test.mjs

TAP version 13
# Subtest: FACT-18 committed PostgreSQL state stream
ok 1 - FACT-18 committed PostgreSQL state stream
  ---
  duration_ms: 544.685708
  type: 'test'
  ...
1..1
# tests 1
# suites 0
# pass 1
# fail 0
# cancelled 0
# skipped 0
# todo 0
# duration_ms 636.033
orbitfactory-fact18-postgres-proof
exit_code=0
finished_utc=2026-08-13T16:25:24Z
