command=bash scripts/fact-32-telegram-compose-proof.sh
started_utc=2026-08-13T16:26:48Z
 Image orbitflow-fact32-proof-2579-openclaw Building
 Image orbitflow-fact32-proof-2579-telegram Building
 Image orbitflow-fact32-proof-2579-engine Building
 Image orbitflow-fact32-proof-2579-migrate Building
 Image orbitflow-fact32-proof-2579-app Building
 Image orbitflow-fact32-proof-2579-openclaw Built
 Image orbitflow-fact32-proof-2579-telegram Built
 Image orbitflow-fact32-proof-2579-app Built
 Image orbitflow-fact32-proof-2579-engine Built
 Image orbitflow-fact32-proof-2579-migrate Built
 Network orbitflow-fact32-proof-2579_default Creating
 Network orbitflow-fact32-proof-2579_default Created
 Volume orbitflow-fact32-proof-2579_postgres-data Creating
 Volume orbitflow-fact32-proof-2579_postgres-data Created
 Volume orbitflow-fact32-proof-2579_app-data Creating
 Volume orbitflow-fact32-proof-2579_app-data Created
 Volume orbitflow-fact32-proof-2579_openclaw-state Creating
 Volume orbitflow-fact32-proof-2579_openclaw-state Created
 Volume orbitflow-fact32-proof-2579_engine-data Creating
 Volume orbitflow-fact32-proof-2579_engine-data Created
 Container orbitflow-fact32-proof-2579-telegram-api-stub-1 Creating
 Container orbitflow-fact32-proof-2579-openclaw-1 Creating
 Container orbitflow-fact32-proof-2579-postgres-1 Creating
 Container orbitflow-fact32-proof-2579-openclaw-1 Created
 Container orbitflow-fact32-proof-2579-postgres-1 Created
 Container orbitflow-fact32-proof-2579-migrate-1 Creating
 Container orbitflow-fact32-proof-2579-telegram-api-stub-1 Created
 Container orbitflow-fact32-proof-2579-migrate-1 Created
 Container orbitflow-fact32-proof-2579-app-1 Creating
 Container orbitflow-fact32-proof-2579-app-1 Created
 Container orbitflow-fact32-proof-2579-engine-1 Creating
 Container orbitflow-fact32-proof-2579-engine-1 Created
 Container orbitflow-fact32-proof-2579-telegram-1 Creating
 Container orbitflow-fact32-proof-2579-telegram-1 Created
 Container orbitflow-fact32-proof-2579-telegram-api-stub-1 Starting
 Container orbitflow-fact32-proof-2579-openclaw-1 Starting
 Container orbitflow-fact32-proof-2579-postgres-1 Starting
 Container orbitflow-fact32-proof-2579-telegram-api-stub-1 Started
 Container orbitflow-fact32-proof-2579-openclaw-1 Started
 Container orbitflow-fact32-proof-2579-postgres-1 Started
 Container orbitflow-fact32-proof-2579-postgres-1 Waiting
 Container orbitflow-fact32-proof-2579-postgres-1 Healthy
 Container orbitflow-fact32-proof-2579-migrate-1 Starting
 Container orbitflow-fact32-proof-2579-migrate-1 Started
 Container orbitflow-fact32-proof-2579-migrate-1 Waiting
 Container orbitflow-fact32-proof-2579-migrate-1 Exited
 Container orbitflow-fact32-proof-2579-app-1 Starting
 Container orbitflow-fact32-proof-2579-app-1 Started
 Container orbitflow-fact32-proof-2579-openclaw-1 Waiting
 Container orbitflow-fact32-proof-2579-app-1 Waiting
 Container orbitflow-fact32-proof-2579-migrate-1 Waiting
 Container orbitflow-fact32-proof-2579-migrate-1 Exited
 Container orbitflow-fact32-proof-2579-app-1 Healthy
 Container orbitflow-fact32-proof-2579-openclaw-1 Healthy
 Container orbitflow-fact32-proof-2579-engine-1 Starting
 Container orbitflow-fact32-proof-2579-engine-1 Started
 Container orbitflow-fact32-proof-2579-engine-1 Waiting
 Container orbitflow-fact32-proof-2579-engine-1 Healthy
 Container orbitflow-fact32-proof-2579-telegram-1 Starting
 Container orbitflow-fact32-proof-2579-telegram-1 Started
 Container orbitflow-fact32-proof-2579-app-1 Waiting
 Container orbitflow-fact32-proof-2579-telegram-api-stub-1 Waiting
 Container orbitflow-fact32-proof-2579-openclaw-1 Waiting
 Container orbitflow-fact32-proof-2579-engine-1 Waiting
 Container orbitflow-fact32-proof-2579-telegram-1 Waiting
 Container orbitflow-fact32-proof-2579-postgres-1 Waiting
 Container orbitflow-fact32-proof-2579-migrate-1 Waiting
 Container orbitflow-fact32-proof-2579-postgres-1 Healthy
 Container orbitflow-fact32-proof-2579-telegram-1 Healthy
 Container orbitflow-fact32-proof-2579-openclaw-1 Healthy
 Container orbitflow-fact32-proof-2579-engine-1 Healthy
 Container orbitflow-fact32-proof-2579-telegram-api-stub-1 Healthy
 Container orbitflow-fact32-proof-2579-migrate-1 Exited
 Container orbitflow-fact32-proof-2579-app-1 Healthy
FACT-32 Telegram Compose proof passed for orbitflow-fact32-proof-2579
exit_code=0
finished_utc=2026-08-13T16:28:07Z
