command=npm run fact10:proof
started_utc=2026-08-13T16:17:32Z

> orbitfactory@0.1.0 fact10:proof
> bash scripts/fact-10-workflow-engine-proof.sh


> orbitfactory@0.1.0 test:workflow-engine
> node --experimental-strip-types --test test/postgres/workflow-engine.test.mjs

TAP version 13
# Subtest: FACT-10 durable workflow engine
    # Subtest: persists pause/resume, cycles, cost totals, and atomic competing consumption
    ok 1 - persists pause/resume, cycles, cost totals, and atomic competing consumption
      ---
      duration_ms: 76.485416
      type: 'test'
      ...
    # Subtest: holds fan-out at max N and releases one slot per completed ticket
    ok 2 - holds fan-out at max N and releases one slot per completed ticket
      ---
      duration_ms: 60.01025
      type: 'test'
      ...
    # Subtest: reconciles an ambiguous provider start without replaying it
    ok 3 - reconciles an ambiguous provider start without replaying it
      ---
      duration_ms: 11.155959
      type: 'test'
      ...
    # Subtest: fences stale worker success and failure after lease reclaim
    ok 4 - fences stale worker success and failure after lease reclaim
      ---
      duration_ms: 31.098875
      type: 'test'
      ...
    # Subtest: shares one hard cap across overlapping fan-out cycle activations
    ok 5 - shares one hard cap across overlapping fan-out cycle activations
      ---
      duration_ms: 31.11725
      type: 'test'
      ...
    # Subtest: accepts a fast session output before dispatch finalization
    ok 6 - accepts a fast session output before dispatch finalization
      ---
      duration_ms: 9.904792
      type: 'test'
      ...
    # Subtest: persists malformed output and confirmed runtime failure without retry loops
    ok 7 - persists malformed output and confirmed runtime failure without retry loops
      ---
      duration_ms: 21.949208
      type: 'test'
      ...
    # Subtest: transfers ticket ownership planner→implement only on real dispatch insert
    ok 8 - transfers ticket ownership planner→implement only on real dispatch insert
      ---
      duration_ms: 31.649959
      type: 'test'
      ...
    1..8
ok 1 - FACT-10 durable workflow engine
  ---
  duration_ms: 452.037834
  type: 'test'
  ...
1..1
# tests 9
# suites 0
# pass 9
# fail 0
# cancelled 0
# skipped 0
# todo 0
# duration_ms 535.5195
orbitfactory-fact10-postgres-proof
exit_code=0
finished_utc=2026-08-13T16:17:34Z
