command=npm run fact24:proof
started_utc=2026-08-13T16:18:17Z

> orbitfactory@0.1.0 fact24:proof
> bash scripts/fact-24-workflow-questions-proof.sh

TAP version 13
# Subtest: FACT-24 durable question, escalation, and approval mechanism
    # Subtest: pauses one fan-out thread, wakes only an allowed agent, and resumes once after restart
    ok 1 - pauses one fan-out thread, wakes only an allowed agent, and resumes once after restart
      ---
      duration_ms: 89.756042
      type: 'test'
      ...
    # Subtest: routes Telegram replies and UI answers back to the exact ticket thread
    ok 2 - routes Telegram replies and UI answers back to the exact ticket thread
      ---
      duration_ms: 69.942875
      type: 'test'
      ...
    # Subtest: uses the same durable question record for before and after approvals
    ok 3 - uses the same durable question record for before and after approvals
      ---
      duration_ms: 41.477625
      type: 'test'
      ...
    1..3
ok 1 - FACT-24 durable question, escalation, and approval mechanism
  ---
  duration_ms: 388.824
  type: 'test'
  ...
1..1
# tests 4
# suites 0
# pass 4
# fail 0
# cancelled 0
# skipped 0
# todo 0
# duration_ms 481.469208
exit_code=0
finished_utc=2026-08-13T16:18:19Z
