command=npm run fact16:proof
started_utc=2026-08-13T16:18:11Z

> orbitfactory@0.1.0 fact16:proof
> bash scripts/fact-16-channel-intake-proof.sh


> orbitfactory@0.1.0 test:channel-intake
> node --experimental-strip-types --test test/postgres/channel-intake.test.mjs

TAP version 13
# Subtest: FACT-16 orchestrator channel intake
    # Subtest: direct sufficient intake validates one spec and advances through the normal engine
    ok 1 - direct sufficient intake validates one spec and advances through the normal engine
      ---
      duration_ms: 38.964792
      type: 'test'
      ...
    # Subtest: clarification is durable across restart and follow-up reuses the same run
    ok 2 - clarification is durable across restart and follow-up reuses the same run
      ---
      duration_ms: 56.932417
      type: 'test'
      ...
    # Subtest: malformed ready specs fail closed before planner kickoff
    ok 3 - malformed ready specs fail closed before planner kickoff
      ---
      duration_ms: 18.31975
      type: 'test'
      ...
    1..3
ok 1 - FACT-16 orchestrator channel intake
  ---
  duration_ms: 290.727708
  type: 'test'
  ...
1..1
# tests 4
# suites 0
# pass 4
# fail 0
# cancelled 0
# skipped 0
# todo 0
# duration_ms 378.330167
FACT-16 channel intake proof passed
exit_code=0
finished_utc=2026-08-13T16:18:13Z
