command=bash scripts/fact-32-telegram-compose-proof.sh
started_utc=2026-08-13T16:18:24Z
 Image orbitflow-fact32-proof-20965-openclaw Building
 Image orbitflow-fact32-proof-20965-migrate Building
 Image orbitflow-fact32-proof-20965-app Building
 Image orbitflow-fact32-proof-20965-engine Building
 Image orbitflow-fact32-proof-20965-telegram Building
 Image orbitflow-fact32-proof-20965-app Built
 Image orbitflow-fact32-proof-20965-engine Built
 Image orbitflow-fact32-proof-20965-migrate Built
 Image orbitflow-fact32-proof-20965-openclaw Built
 Image orbitflow-fact32-proof-20965-telegram Built
 Network orbitflow-fact32-proof-20965_default Creating
 Network orbitflow-fact32-proof-20965_default Created
 Volume orbitflow-fact32-proof-20965_openclaw-state Creating
 Volume orbitflow-fact32-proof-20965_openclaw-state Created
 Volume orbitflow-fact32-proof-20965_app-data Creating
 Volume orbitflow-fact32-proof-20965_app-data Created
 Volume orbitflow-fact32-proof-20965_postgres-data Creating
 Volume orbitflow-fact32-proof-20965_postgres-data Created
 Container orbitflow-fact32-proof-20965-telegram-api-stub-1 Creating
 Container orbitflow-fact32-proof-20965-openclaw-1 Creating
 Container orbitflow-fact32-proof-20965-postgres-1 Creating
 Container orbitflow-fact32-proof-20965-telegram-api-stub-1 Created
 Container orbitflow-fact32-proof-20965-postgres-1 Created
 Container orbitflow-fact32-proof-20965-migrate-1 Creating
 Container orbitflow-fact32-proof-20965-openclaw-1 Created
 Container orbitflow-fact32-proof-20965-migrate-1 Created
 Container orbitflow-fact32-proof-20965-app-1 Creating
 Container orbitflow-fact32-proof-20965-app-1 Created
 Container orbitflow-fact32-proof-20965-engine-1 Creating
 Container orbitflow-fact32-proof-20965-engine-1 Created
 Container orbitflow-fact32-proof-20965-telegram-1 Creating
 Container orbitflow-fact32-proof-20965-telegram-1 Created
 Container orbitflow-fact32-proof-20965-postgres-1 Starting
 Container orbitflow-fact32-proof-20965-openclaw-1 Starting
 Container orbitflow-fact32-proof-20965-telegram-api-stub-1 Starting
 Container orbitflow-fact32-proof-20965-openclaw-1 Started
 Container orbitflow-fact32-proof-20965-telegram-api-stub-1 Started
 Container orbitflow-fact32-proof-20965-postgres-1 Started
 Container orbitflow-fact32-proof-20965-postgres-1 Waiting
 Container orbitflow-fact32-proof-20965-postgres-1 Healthy
 Container orbitflow-fact32-proof-20965-migrate-1 Starting
 Container orbitflow-fact32-proof-20965-migrate-1 Started
 Container orbitflow-fact32-proof-20965-migrate-1 Waiting
 Container orbitflow-fact32-proof-20965-migrate-1 Exited
 Container orbitflow-fact32-proof-20965-app-1 Starting
 Container orbitflow-fact32-proof-20965-app-1 Started
 Container orbitflow-fact32-proof-20965-migrate-1 Waiting
 Container orbitflow-fact32-proof-20965-openclaw-1 Waiting
 Container orbitflow-fact32-proof-20965-app-1 Waiting
 Container orbitflow-fact32-proof-20965-migrate-1 Exited
 Container orbitflow-fact32-proof-20965-app-1 Healthy
 Container orbitflow-fact32-proof-20965-openclaw-1 Healthy
 Container orbitflow-fact32-proof-20965-engine-1 Starting
 Container orbitflow-fact32-proof-20965-engine-1 Started
 Container orbitflow-fact32-proof-20965-engine-1 Waiting
 Container orbitflow-fact32-proof-20965-engine-1 Healthy
 Container orbitflow-fact32-proof-20965-telegram-1 Starting
 Container orbitflow-fact32-proof-20965-telegram-1 Started
 Container orbitflow-fact32-proof-20965-telegram-api-stub-1 Waiting
 Container orbitflow-fact32-proof-20965-migrate-1 Waiting
 Container orbitflow-fact32-proof-20965-openclaw-1 Waiting
 Container orbitflow-fact32-proof-20965-engine-1 Waiting
 Container orbitflow-fact32-proof-20965-app-1 Waiting
 Container orbitflow-fact32-proof-20965-telegram-1 Waiting
 Container orbitflow-fact32-proof-20965-postgres-1 Waiting
 Container orbitflow-fact32-proof-20965-telegram-1 Healthy
 Container orbitflow-fact32-proof-20965-postgres-1 Healthy
 Container orbitflow-fact32-proof-20965-telegram-api-stub-1 Healthy
 Container orbitflow-fact32-proof-20965-openclaw-1 Healthy
 Container orbitflow-fact32-proof-20965-app-1 Healthy
 Container orbitflow-fact32-proof-20965-migrate-1 Exited
 Container orbitflow-fact32-proof-20965-engine-1 Healthy
FACT-32 Telegram Compose proof passed for orbitflow-fact32-proof-20965
exit_code=0
finished_utc=2026-08-13T16:19:15Z
