command=npm run fact11:proof
started_utc=2026-08-13T16:17:34Z

> orbitfactory@0.1.0 fact11:proof
> bash scripts/fact-11-runtime-adapter-proof.sh

Exact OpenClaw version present: 2026.4.15
Provider execution: disabled; deterministic fake request path selected
Config overwrite: /tmp/orbitflow-fact11-openclaw-cli.3zMwy5/state/openclaw.json (sha256 8621c6e6ac95f79f4899dfb259e0e474d158cb901420cb8d5e810bf1bd0c17b0 -> a82788b7fd023d7f4ef400675593fcdd080de05d73d393ff6661e52faeadf659, backup=/tmp/orbitflow-fact11-openclaw-cli.3zMwy5/state/openclaw.json.bak)
Config overwrite: /tmp/orbitflow-fact11-openclaw-cli.3zMwy5/state/openclaw.json (sha256 a82788b7fd023d7f4ef400675593fcdd080de05d73d393ff6661e52faeadf659 -> 0739d403481e6ec895045f15941d54057ef42cec7349a4a9d4db94b1369a6590, backup=/tmp/orbitflow-fact11-openclaw-cli.3zMwy5/state/openclaw.json.bak)
Exact-version offline agent create and edit path: passed

> orbitfactory@0.1.0 test:runtime-adapter
> node --experimental-strip-types --test test/postgres/openclaw-runtime-adapter.test.mjs

TAP version 13
# Subtest: FACT-11 OpenClaw RuntimeAdapter
    # Subtest: sets up only the inherited PostgreSQL schema
    ok 1 - sets up only the inherited PostgreSQL schema
      ---
      duration_ms: 7.852917
      type: 'test'
      ...
    # Subtest: creates a live agent and applies row edits on resync
    ok 2 - creates a live agent and applies row edits on resync
      ---
      duration_ms: 314.130417
      type: 'test'
      ...
    # Subtest: rejects arbitrary child environment passthrough
    ok 3 - rejects arbitrary child environment passthrough
      ---
      duration_ms: 0.233292
      type: 'test'
      ...
    # Subtest: composes delivery context, round-trips memory, and attributes usage
    ok 4 - composes delivery context, round-trips memory, and attributes usage
      ---
      duration_ms: 303.302167
      type: 'test'
      ...
    # Subtest: reconstructs complete-stream usage from OpenClaw's final-call total
    ok 5 - reconstructs complete-stream usage from OpenClaw's final-call total
      ---
      duration_ms: 136.697042
      type: 'test'
      ...
    # Subtest: lists blocked actions in the wake prompt when configured, omits when empty
    ok 6 - lists blocked actions in the wake prompt when configured, omits when empty
      ---
      duration_ms: 140.105125
      type: 'test'
      ...
    # Subtest: retries malformed structured output exactly once
    ok 7 - retries malformed structured output exactly once
      ---
      duration_ms: 168.737375
      type: 'test'
      ...
    # Subtest: accepts only the pinned gateway envelope and rejects false success
    ok 8 - accepts only the pinned gateway envelope and rejects false success
      ---
      duration_ms: 1040.460625
      type: 'test'
      ...
    # Subtest: rejects replayInvalid true without payload and does not retry
    ok 9 - rejects replayInvalid true without payload and does not retry
      ---
      duration_ms: 108.161792
      type: 'test'
      ...
    # Subtest: retries no-payload turn when replayInvalid is absent
    ok 10 - retries no-payload turn when replayInvalid is absent
      ---
      duration_ms: 158.013042
      type: 'test'
      ...
    # Subtest: replays one durable invocation without executing or charging twice
    ok 11 - replays one durable invocation without executing or charging twice
      ---
      duration_ms: 155.421291
      type: 'test'
      ...
    # Subtest: rejects output whose session identity does not match the requested session
    ok 12 - rejects output whose session identity does not match the requested session
      ---
      duration_ms: 138.538875
      type: 'test'
      ...
    # Subtest: inserts one durable FACT-9 system error after two malformed outputs
    ok 13 - inserts one durable FACT-9 system error after two malformed outputs
      ---
      duration_ms: 138.083875
      type: 'test'
      ...
    # Subtest: times out, kills the process group, and inserts a durable system error
    ok 14 - times out, kills the process group, and inserts a durable system error
      ---
      duration_ms: 359.896625
      type: 'test'
      ...
    # Subtest: explicit termination kills the active session and surfaces a durable error
    ok 15 - explicit termination kills the active session and surfaces a durable error
      ---
      duration_ms: 263.564125
      type: 'test'
      ...
    # Subtest: serializes concurrent wakes for the same canonical agent ref
    ok 16 - serializes concurrent wakes for the same canonical agent ref
      ---
      duration_ms: 1180.846958
      type: 'test'
      ...
    # Subtest: keeps wakes for different agent refs concurrent
    ok 17 - keeps wakes for different agent refs concurrent
      ---
      duration_ms: 461.280542
      type: 'test'
      ...
    # Subtest: releases the agent session lock on the timeout path
    ok 18 - releases the agent session lock on the timeout path
      ---
      duration_ms: 442.420333
      type: 'test'
      ...
    # Subtest: fails closed with a typed durable error at the acquisition deadline
    ok 19 - fails closed with a typed durable error at the acquisition deadline
      ---
      duration_ms: 1676.611917
      type: 'test'
      ...
    # Subtest: bounds pool checkout by the wake deadline with a typed durable error
    ok 20 - bounds pool checkout by the wake deadline with a typed durable error
      ---
      duration_ms: 334.621833
      type: 'test'
      ...
    # Subtest: spends only the remaining deadline budget on the OpenClaw command
    ok 21 - spends only the remaining deadline budget on the OpenClaw command
      ---
      duration_ms: 4216.659833
      type: 'test'
      ...
    # Subtest: refuses to launch the OpenClaw command once the deadline is exhausted
    ok 22 - refuses to launch the OpenClaw command once the deadline is exhausted
      ---
      duration_ms: 66.069583
      type: 'test'
      ...
    # Subtest: maps a deadline-exhausted version check to openclaw_timeout and resets its cache
    ok 23 - maps a deadline-exhausted version check to openclaw_timeout and resets its cache
      ---
      duration_ms: 232.228208
      type: 'test'
      ...
    1..23
ok 1 - FACT-11 OpenClaw RuntimeAdapter
  ---
  duration_ms: 12206.138875
  type: 'test'
  ...
1..1
# tests 24
# suites 0
# pass 24
# fail 0
# cancelled 0
# skipped 0
# todo 0
# duration_ms 12289.298542
orbitfactory-fact11-postgres-proof
exit_code=0
finished_utc=2026-08-13T16:18:00Z
