command=npm run fact25:proof
started_utc=2026-08-13T16:18:19Z

> orbitfactory@0.1.0 fact25:proof
> bash scripts/fact-25-scheduling-proof.sh


> orbitfactory@0.1.0 test:scheduling
> node --experimental-strip-types --test test/postgres/scheduling.test.mjs

TAP version 13
# Subtest: FACT-25 PostgreSQL scheduling
    # Subtest: clock ticks are retained before a workflow-target dispatch and disabled rows stop without restart
    ok 1 - clock ticks are retained before a workflow-target dispatch and disabled rows stop without restart
      ---
      duration_ms: 59.024417
      type: 'test'
      ...
    # Subtest: agent target, manual trigger, and restart duplicate use the same durable tick path
    ok 2 - agent target, manual trigger, and restart duplicate use the same durable tick path
      ---
      duration_ms: 51.480334
      type: 'test'
      ...
    # Subtest: seeded daily standup receives ticket movement and spend then routes through Telegram outbound
    ok 3 - seeded daily standup receives ticket movement and spend then routes through Telegram outbound
      ---
      duration_ms: 44.104
      type: 'test'
      ...
    1..3
ok 1 - FACT-25 PostgreSQL scheduling
  ---
  duration_ms: 326.463209
  type: 'test'
  ...
1..1
# tests 4
# suites 0
# pass 4
# fail 0
# cancelled 0
# skipped 0
# todo 0
# duration_ms 415.78725
FACT-25 scheduling proof passed
exit_code=0
finished_utc=2026-08-13T16:18:21Z
