
> orbitfactory@0.1.0 fact21:proof
> bash scripts/fact-21-workflow-templates-proof.sh

TAP version 13
# Subtest: FACT-21 clean install: seeds both templates on a fresh database
ok 1 - FACT-21 clean install: seeds both templates on a fresh database
  ---
  duration_ms: 159.873083
  type: 'test'
  ...
# Subtest: FACT-21 idempotent restart: re-running the migration does not duplicate templates
ok 2 - FACT-21 idempotent restart: re-running the migration does not duplicate templates
  ---
  duration_ms: 13.507208
  type: 'test'
  ...
# Subtest: FACT-21 upgrade: applies 0013 on top of current main without touching existing data
ok 3 - FACT-21 upgrade: applies 0013 on top of current main without touching existing data
  ---
  duration_ms: 165.002583
  type: 'test'
  ...
# Subtest: FACT-21 no-overwrite: pre-existing same-name agents and skills keep their custom values after 0013
ok 4 - FACT-21 no-overwrite: pre-existing same-name agents and skills keep their custom values after 0013
  ---
  duration_ms: 175.056084
  type: 'test'
  ...
1..4
# tests 4
# suites 0
# pass 4
# fail 0
# cancelled 0
# skipped 0
# todo 0
# duration_ms 590.76325
orbitfactory-fact21-postgres-proof
